* ******************************************************************************

* iCEcube Report

* Version:            2020.12.27943

* Build Date:         Dec  9 2020 17:31:51

* File Generated:     Aug 28 2026 16:55:39

* Purpose:            General info of design implementation

* Copyright (C) 2006-2010 by Lattice Semiconductor Corp. All rights reserved.

* ******************************************************************************

Synthesis/Placement Summary:
----------------------------
    Status:  Successful
    Runtime: 0 seconds

Device Info:
------------
    Device Family: iCE40
    Device:        iCE40HX1K
    Package:       VQ100

Design statistics:
------------------
    FFs:                  35
    LUTs:                 53
    RAMs:                 0
    IOBs:                 6
    GBs:                  2
    PLLs:                 0
    Warm Boots:           0

Logic Resource Utilization:
---------------------------
    Total Logic Cells: 53/1280
        Combinational Logic Cells: 18       out of   1280      1.40625%
        Sequential Logic Cells:    35       out of   1280      2.73438%
        Logic Tiles:               12       out of   160       7.5%
    Registers: 
        Logic Registers:           35       out of   1280      2.73438%
        IO Registers:              0        out of   560       0
    Block RAMs:                    0        out of   16        0%
    Warm Boots:                    0        out of   1         0%
    Pins:
        Input Pins:                3        out of   72        4.16667%
        Output Pins:               3        out of   72        4.16667%
        InOut Pins:                0        out of   72        0%
    Global Buffers:                2        out of   8         25%
    PLLs:                          0        out of   0       

IO Bank Utilization:
--------------------
    Bank 3: 1        out of   18        5.55556%
    Bank 1: 5        out of   19        26.3158%
    Bank 0: 0        out of   19        0%
    Bank 2: 0        out of   16        0%

Detailed I/O Info:
------------------
    Input Pins: 
    Pin Number  Direction  IO Standard  Pull Up  IO Bank  IO Function    Signal Name
    ----------  ---------  -----------  -------  -------  -----------    -----------
    15          Input      SB_LVCMOS    No       3        Simple Input   clk     
    53          Input      SB_LVCMOS    No       1        Simple Input   rst_p   
    63          Input      SB_LVCMOS    No       1        Simple Input   miso_0  

    Output Pins: 
    Pin Number  Direction  IO Standard  Pull Up  IO Bank  IO Function    Signal Name
    ----------  ---------  -----------  -------  -------  -----------    -----------
    56          Output     SB_LVCMOS    No       1        Simple Output  led1    
    64          Output     SB_LVCMOS    No       1        Simple Output  cs_n    
    65          Output     SB_LVCMOS    No       1        Simple Output  sclk    

Detailed Global Buffer Info:
----------------------------
    Buffer Number  IO Bank  Driven By  Fanout  Signal Name
    -------------  -------  ---------  ------  -----------
    1              3        IO         35      clk_0_c_g  
    6              3                   35      rst_p_c_g  


Router Summary:
---------------
    Status:  Successful
    Runtime: 1 seconds

Routing Resource Utilization:
-----------------------------
              Local line of tile      381 out of  28666      1.3291%
                          Span 4       45 out of   6944      0.648041%
                         Span 12        5 out of   1440      0.347222%
                  Global network        2 out of      8      25%
      Vertical Inter-LUT Connect        8 out of   1120      0.714286%

