* ******************************************************************************

* iCEcube Report

* Version:            2020.12.27943

* Build Date:         Dec  9 2020 17:31:51

* File Generated:     Aug 14 2026 09:39:55

* Purpose:            General info of design implementation

* Copyright (C) 2006-2010 by Lattice Semiconductor Corp. All rights reserved.

* ******************************************************************************

Synthesis/Placement Summary:
----------------------------
    Status:  Successful
    Runtime: 0 seconds

Device Info:
------------
    Device Family: iCE40
    Device:        iCE40HX1K
    Package:       VQ100

Design statistics:
------------------
    FFs:                  34
    LUTs:                 75
    RAMs:                 0
    IOBs:                 15
    GBs:                  1
    PLLs:                 0
    Warm Boots:           0

Logic Resource Utilization:
---------------------------
    Total Logic Cells: 82/1280
        Combinational Logic Cells: 48       out of   1280      3.75%
        Sequential Logic Cells:    34       out of   1280      2.65625%
        Logic Tiles:               15       out of   160       9.375%
    Registers: 
        Logic Registers:           34       out of   1280      2.65625%
        IO Registers:              0        out of   560       0
    Block RAMs:                    0        out of   16        0%
    Warm Boots:                    0        out of   1         0%
    Pins:
        Input Pins:                1        out of   72        1.38889%
        Output Pins:               14       out of   72        19.4444%
        InOut Pins:                0        out of   72        0%
    Global Buffers:                1        out of   8         12.5%
    PLLs:                          0        out of   0       

IO Bank Utilization:
--------------------
    Bank 3: 6        out of   18        33.3333%
    Bank 1: 0        out of   19        0%
    Bank 0: 9        out of   19        47.3684%
    Bank 2: 0        out of   16        0%

Detailed I/O Info:
------------------
    Input Pins: 
    Pin Number  Direction  IO Standard  Pull Up  IO Bank  IO Function    Signal Name 
    ----------  ---------  -----------  -------  -------  -----------    ----------- 
    15          Input      SB_LVCMOS    No       3        Simple Input   clk         

    Output Pins: 
    Pin Number  Direction  IO Standard  Pull Up  IO Bank  IO Function    Signal Name 
    ----------  ---------  -----------  -------  -------  -----------    ----------- 
    1           Output     SB_LVCMOS    No       3        Simple Output  svseg_2[1]  
    2           Output     SB_LVCMOS    No       3        Simple Output  svseg_2[0]  
    3           Output     SB_LVCMOS    No       3        Simple Output  svseg_2[6]  
    4           Output     SB_LVCMOS    No       3        Simple Output  svseg_2[5]  
    8           Output     SB_LVCMOS    No       3        Simple Output  svseg_1[1]  
    90          Output     SB_LVCMOS    No       0        Simple Output  svseg_2[2]  
    91          Output     SB_LVCMOS    No       0        Simple Output  svseg_2[3]  
    93          Output     SB_LVCMOS    No       0        Simple Output  svseg_2[4]  
    94          Output     SB_LVCMOS    No       0        Simple Output  svseg_1[2]  
    95          Output     SB_LVCMOS    No       0        Simple Output  svseg_1[3]  
    96          Output     SB_LVCMOS    No       0        Simple Output  svseg_1[0]  
    97          Output     SB_LVCMOS    No       0        Simple Output  svseg_1[4]  
    99          Output     SB_LVCMOS    No       0        Simple Output  svseg_1[5]  
    100         Output     SB_LVCMOS    No       0        Simple Output  svseg_1[6]  

Detailed Global Buffer Info:
----------------------------
    Buffer Number  IO Bank  Driven By  Fanout  Signal Name
    -------------  -------  ---------  ------  -----------
    1              3        IO         34      clk_c_g  


Router Summary:
---------------
    Status:  Successful
    Runtime: 1 seconds

Routing Resource Utilization:
-----------------------------
              Local line of tile      543 out of  28666      1.89423%
                          Span 4       31 out of   6944      0.446429%
                         Span 12        3 out of   1440      0.208333%
                  Global network        1 out of      8      12.5%
      Vertical Inter-LUT Connect        7 out of   1120      0.625%

