---------------------------------------
Resource Usage Report for PmodAD1_top 

Mapping to part: ice40hx1kvq100
Cell usage:
GND             1 use
SB_DFFER        22 uses
SB_DFFES        1 use
SB_DFFR         12 uses
VCC             1 use
SB_LUT4         40 uses

I/O ports: 7
I/O primitives: 6
SB_GB_IO       2 uses
SB_IO          4 uses

I/O Register bits:                  0
Register bits not including I/Os:   35 (2%)

@S |Mapping Summary:
Total  LUTs: 40 (3%)

Distribution of All Consumed LUTs = LUT4 
Distribution of All Consumed Luts 40 = 40 

