Running in Lattice mode


Starting:    C:\lscc\iCEcube2.2020.12\synpbase\bin64\mbin\synbatch.exe
Install:     C:\lscc\iCEcube2.2020.12\synpbase
Hostname:    GRANT-PC
Date:        Fri Aug 28 16:55:23 2026
Version:     L-2016.09L+ice40

Arguments:   -product synplify_pro -batch Oscilloscope_syn.prj
ProductType: synplify_pro





log file: "C:\Users\Grant\Projects\FPGA\Oscilloscope\Oscilloscope\Oscilloscope_Implmnt\Oscilloscope.srr"
Running: Oscilloscope_Implmnt in foreground

Running Oscilloscope_syn|Oscilloscope_Implmnt

Running: compile (Compile) on Oscilloscope_syn|Oscilloscope_Implmnt
# Fri Aug 28 16:55:23 2026

Running: compile_flow (Compile Process) on Oscilloscope_syn|Oscilloscope_Implmnt
# Fri Aug 28 16:55:23 2026

Running: compiler (Compile Input) on Oscilloscope_syn|Oscilloscope_Implmnt
# Fri Aug 28 16:55:23 2026
Copied C:\Users\Grant\Projects\FPGA\Oscilloscope\Oscilloscope\Oscilloscope_Implmnt\synwork\Oscilloscope_comp.srs to C:\Users\Grant\Projects\FPGA\Oscilloscope\Oscilloscope\Oscilloscope_Implmnt\Oscilloscope.srs

compiler completed
# Fri Aug 28 16:55:25 2026

Return Code: 0
Run Time:00h:00m:02s

Running: multi_srs_gen (Multi-srs Generator) on Oscilloscope_syn|Oscilloscope_Implmnt
# Fri Aug 28 16:55:25 2026

multi_srs_gen completed
# Fri Aug 28 16:55:25 2026

Return Code: 0
Run Time:00h:00m:00s
Copied C:\Users\Grant\Projects\FPGA\Oscilloscope\Oscilloscope\Oscilloscope_Implmnt\synwork\Oscilloscope_mult.srs to C:\Users\Grant\Projects\FPGA\Oscilloscope\Oscilloscope\Oscilloscope_Implmnt\Oscilloscope.srs
Complete: Compile Process on Oscilloscope_syn|Oscilloscope_Implmnt

Running: premap (Pre-mapping) on Oscilloscope_syn|Oscilloscope_Implmnt
# Fri Aug 28 16:55:25 2026

premap completed with warnings
# Fri Aug 28 16:55:25 2026

Return Code: 1
Run Time:00h:00m:00s
Complete: Compile on Oscilloscope_syn|Oscilloscope_Implmnt

Running: map (Map) on Oscilloscope_syn|Oscilloscope_Implmnt
# Fri Aug 28 16:55:25 2026
License granted for 4 parallel jobs

Running: fpga_mapper (Map & Optimize) on Oscilloscope_syn|Oscilloscope_Implmnt
# Fri Aug 28 16:55:25 2026
Copied C:\Users\Grant\Projects\FPGA\Oscilloscope\Oscilloscope\Oscilloscope_Implmnt\synwork\Oscilloscope_m.srm to C:\Users\Grant\Projects\FPGA\Oscilloscope\Oscilloscope\Oscilloscope_Implmnt\Oscilloscope.srm

fpga_mapper completed with warnings
# Fri Aug 28 16:55:26 2026

Return Code: 1
Run Time:00h:00m:01s
Complete: Map on Oscilloscope_syn|Oscilloscope_Implmnt
Complete: Logic Synthesis on Oscilloscope_syn|Oscilloscope_Implmnt

exit status=0

exit status=0

