* ******************************************************************************

* iCEcube Packer

* Version:            2020.12.27943

* Build Date:         Dec  9 2020 17:31:51

* File Generated:     Aug 14 2026 09:39:55

* Purpose:            General info of design implementation

* Copyright (C) 2006-2010 by Lattice Semiconductor Corp. All rights reserved.

* ******************************************************************************

Command Line: C:\lscc\iCEcube2.2020.12\sbt_backend\bin\win32\opt\packer.exe  C:\lscc\iCEcube2.2020.12\sbt_backend\devices\ICE40P01.dev  C:/Users/Grant/Projects/FPGA/Oscilloscope/Oscilloscope/Oscilloscope_Implmnt\sbt\netlist\oadb-TopCounter  --package  VQ100  --outdir  C:/Users/Grant/Projects/FPGA/Oscilloscope/Oscilloscope/Oscilloscope_Implmnt\sbt\outputs\packer  --translator  C:\lscc\iCEcube2.2020.12\sbt_backend\bin\sdc_translator.tcl  --src_sdc_file  C:/Users/Grant/Projects/FPGA/Oscilloscope/Oscilloscope/Oscilloscope_Implmnt\sbt\outputs\placer\TopCounter_pl.sdc  --dst_sdc_file  C:/Users/Grant/Projects/FPGA/Oscilloscope/Oscilloscope/Oscilloscope_Implmnt\sbt\outputs\packer\TopCounter_pk.sdc  --devicename  iCE40HX1K  

***** Device Info *****
Chip: iCE40HX1K
Package: VQ100
Size: 12 X 16

***** Design Utilization Info *****
Design: TopCounter
Used Logic Cell: 82/1280
Used Logic Tile: 15/160
Used IO Cell:    15/112
Used Bram Cell For iCE40: 0/16
Used PLL For iCE40: 0/0
Ram Cascading Used: 0
Lut Cascading Used: 1

***** Clock Info *****
Clock Domain: clk_c_g
Clock Source: clk 
Clock Driver: clk_ibuf_gb_io (ICE_GB_IO)
Driver Position: (0, 8, 1)
Fanout to FF: 34
Fanout to Tile: 10


***** Placement Info *****
Logic cell utilization per tile
    . . . . + . . . . 1 . . . . 
   ----------------------------
17|                             
16|   8 2 0 5 2 2 0 0 0 0 0 0   
15|   8 8 0 8 8 2 0 0 0 0 0 0   
14|   8 7 0 1 0 0 0 0 0 0 0 0   
13|   8 5 0 0 0 0 0 0 0 0 0 0   
12|   0 0 0 0 0 0 0 0 0 0 0 0   
11|   0 0 0 0 0 0 0 0 0 0 0 0   
10|   0 0 0 0 0 0 0 0 0 0 0 0   
 9|   0 0 0 0 0 0 0 0 0 0 0 0   
 8|   0 0 0 0 0 0 0 0 0 0 0 0   
 7|   0 0 0 0 0 0 0 0 0 0 0 0   
 6|   0 0 0 0 0 0 0 0 0 0 0 0   
 5|   0 0 0 0 0 0 0 0 0 0 0 0   
 4|   0 0 0 0 0 0 0 0 0 0 0 0   
 3|   0 0 0 0 0 0 0 0 0 0 0 0   
 2|   0 0 0 0 0 0 0 0 0 0 0 0   
 1|   0 0 0 0 0 0 0 0 0 0 0 0   
 0|                             

Maximum number of Logic cells per logic tile: 8
Average number of Logic cells per logic tile: 5.47

***** Input Pin Density Info *****
Number of input nets per logic tile
     .  .  .  .  +  .  .  .  .  1  .  .  .  . 
   ------------------------------------------
17|                                           
16|    15  6  0  4  8  4  0  0  0  0  0  0    
15|    17  9  0  8 15  6  0  0  0  0  0  0    
14|    16 20  0  4  0  0  0  0  0  0  0  0    
13|    16  6  0  0  0  0  0  0  0  0  0  0    
12|     0  0  0  0  0  0  0  0  0  0  0  0    
11|     0  0  0  0  0  0  0  0  0  0  0  0    
10|     0  0  0  0  0  0  0  0  0  0  0  0    
 9|     0  0  0  0  0  0  0  0  0  0  0  0    
 8|     0  0  0  0  0  0  0  0  0  0  0  0    
 7|     0  0  0  0  0  0  0  0  0  0  0  0    
 6|     0  0  0  0  0  0  0  0  0  0  0  0    
 5|     0  0  0  0  0  0  0  0  0  0  0  0    
 4|     0  0  0  0  0  0  0  0  0  0  0  0    
 3|     0  0  0  0  0  0  0  0  0  0  0  0    
 2|     0  0  0  0  0  0  0  0  0  0  0  0    
 1|     0  0  0  0  0  0  0  0  0  0  0  0    
 0|                                           

Maximum number of input nets per logic tile: 20
Average number of input nets per logic tile: 10.27

Number of input pins per logic tile
     .  .  .  .  +  .  .  .  .  1  .  .  .  . 
   ------------------------------------------
17|                                           
16|    25  7  0 20  8  8  0  0  0  0  0  0    
15|    17  9  0 26 28  8  0  0  0  0  0  0    
14|    16 25  0  4  0  0  0  0  0  0  0  0    
13|    16 15  0  0  0  0  0  0  0  0  0  0    
12|     0  0  0  0  0  0  0  0  0  0  0  0    
11|     0  0  0  0  0  0  0  0  0  0  0  0    
10|     0  0  0  0  0  0  0  0  0  0  0  0    
 9|     0  0  0  0  0  0  0  0  0  0  0  0    
 8|     0  0  0  0  0  0  0  0  0  0  0  0    
 7|     0  0  0  0  0  0  0  0  0  0  0  0    
 6|     0  0  0  0  0  0  0  0  0  0  0  0    
 5|     0  0  0  0  0  0  0  0  0  0  0  0    
 4|     0  0  0  0  0  0  0  0  0  0  0  0    
 3|     0  0  0  0  0  0  0  0  0  0  0  0    
 2|     0  0  0  0  0  0  0  0  0  0  0  0    
 1|     0  0  0  0  0  0  0  0  0  0  0  0    
 0|                                           

Maximum number of input pins per logic tile: 28
Average number of input pins per logic tile: 15.47

***** Run Time Info *****
Run Time:  0
